{
  "version": "1.5.0",
  "plugins_used": [
    {
      "name": "ArtifactoryDetector"
    },
    {
      "name": "AWSKeyDetector"
    },
    {
      "name": "AzureStorageKeyDetector"
    },
    {
      "name": "Base64HighEntropyString",
      "limit": 4.5
    },
    {
      "name": "BasicAuthDetector"
    },
    {
      "name": "CloudantDetector"
    },
    {
      "name": "DiscordBotTokenDetector"
    },
    {
      "name": "GitHubTokenDetector"
    },
    {
      "name": "GitLabTokenDetector"
    },
    {
      "name": "HexHighEntropyString",
      "limit": 3.0
    },
    {
      "name": "IbmCloudIamDetector"
    },
    {
      "name": "IbmCosHmacDetector"
    },
    {
      "name": "IPPublicDetector"
    },
    {
      "name": "JwtTokenDetector"
    },
    {
      "name": "KeywordDetector",
      "keyword_exclude": ""
    },
    {
      "name": "MailchimpDetector"
    },
    {
      "name": "NpmDetector"
    },
    {
      "name": "OpenAIDetector"
    },
    {
      "name": "PrivateKeyDetector"
    },
    {
      "name": "PypiTokenDetector"
    },
    {
      "name": "SendGridDetector"
    },
    {
      "name": "SlackDetector"
    },
    {
      "name": "SoftlayerDetector"
    },
    {
      "name": "SquareOAuthDetector"
    },
    {
      "name": "StripeDetector"
    },
    {
      "name": "TelegramBotTokenDetector"
    },
    {
      "name": "TwilioKeyDetector"
    }
  ],
  "filters_used": [
    {
      "path": "detect_secrets.filters.allowlist.is_line_allowlisted"
    },
    {
      "path": "detect_secrets.filters.common.is_baseline_file",
      "filename": ".secrets.baseline"
    },
    {
      "path": "detect_secrets.filters.common.is_ignored_due_to_verification_policies",
      "min_level": 2
    },
    {
      "path": "detect_secrets.filters.heuristic.is_indirect_reference"
    },
    {
      "path": "detect_secrets.filters.heuristic.is_likely_id_string"
    },
    {
      "path": "detect_secrets.filters.heuristic.is_lock_file"
    },
    {
      "path": "detect_secrets.filters.heuristic.is_not_alphanumeric_string"
    },
    {
      "path": "detect_secrets.filters.heuristic.is_potential_uuid"
    },
    {
      "path": "detect_secrets.filters.heuristic.is_prefixed_with_dollar_sign"
    },
    {
      "path": "detect_secrets.filters.heuristic.is_sequential_string"
    },
    {
      "path": "detect_secrets.filters.heuristic.is_swagger_file"
    },
    {
      "path": "detect_secrets.filters.heuristic.is_templated_secret"
    },
    {
      "path": "detect_secrets.filters.regex.should_exclude_file",
      "pattern": [
        "\\.env$|\\.env\\..*|package-lock\\.json|.*\\.db$|.*\\.db\\.bak-.*|\\.git/|venv/|\\.venv/|node_modules/|\\.next/|\\.worktrees/|\\.pytest_tmp/|htmlcov/"
      ]
    }
  ],
  "results": {
    "backend\\alembic.ini": [
      {
        "type": "Basic Auth Credentials",
        "filename": "backend\\alembic.ini",
        "hashed_secret": "9d4e1e23bd5b727046a9e3b4b7db57bd8d6ee684",
        "is_verified": false,
        "line_number": 89
      }
    ],
    "backend\\scripts\\verify_postgres.py": [
      {
        "type": "Basic Auth Credentials",
        "filename": "backend\\scripts\\verify_postgres.py",
        "hashed_secret": "1e115e0fadd0e96edf89423be01625a010af45ea",
        "is_verified": false,
        "line_number": 5
      }
    ],
    "backend\\tests\\api\\test_rbac_endpoints.py": [
      {
        "type": "Secret Keyword",
        "filename": "backend\\tests\\api\\test_rbac_endpoints.py",
        "hashed_secret": "b2e98ad6f6eb8508dd6a14cfa704bad7f05f6fb1",
        "is_verified": false,
        "line_number": 44
      },
      {
        "type": "Secret Keyword",
        "filename": "backend\\tests\\api\\test_rbac_endpoints.py",
        "hashed_secret": "4255bcff9f91b6d5d24716aac695f9b7155dd8ef",
        "is_verified": false,
        "line_number": 63
      }
    ],
    "backend\\tests\\api\\test_user_system_e2e.py": [
      {
        "type": "Secret Keyword",
        "filename": "backend\\tests\\api\\test_user_system_e2e.py",
        "hashed_secret": "fff37f3d7c69e3230ecae0d9bb6c47890649b5e3",
        "is_verified": false,
        "line_number": 97
      },
      {
        "type": "Secret Keyword",
        "filename": "backend\\tests\\api\\test_user_system_e2e.py",
        "hashed_secret": "34e3b8057710c52f9890fa24718edf783162dd07",
        "is_verified": false,
        "line_number": 112
      },
      {
        "type": "Secret Keyword",
        "filename": "backend\\tests\\api\\test_user_system_e2e.py",
        "hashed_secret": "37130895423fdeea32ef8caeba6be4b41d597237",
        "is_verified": false,
        "line_number": 131
      },
      {
        "type": "Secret Keyword",
        "filename": "backend\\tests\\api\\test_user_system_e2e.py",
        "hashed_secret": "b2e98ad6f6eb8508dd6a14cfa704bad7f05f6fb1",
        "is_verified": false,
        "line_number": 143
      },
      {
        "type": "Secret Keyword",
        "filename": "backend\\tests\\api\\test_user_system_e2e.py",
        "hashed_secret": "1ded3053d0363079a4e681a3b700435d6d880290",
        "is_verified": false,
        "line_number": 151
      },
      {
        "type": "Secret Keyword",
        "filename": "backend\\tests\\api\\test_user_system_e2e.py",
        "hashed_secret": "ea73ea0640c3e3022b7dd2823b58808ce9bcb9d8",
        "is_verified": false,
        "line_number": 575
      }
    ],
    "backend\\tests\\fixtures\\opportunity_economic\\coingecko.json": [
      {
        "type": "Secret Keyword",
        "filename": "backend\\tests\\fixtures\\opportunity_economic\\coingecko.json",
        "hashed_secret": "8e1bcb83b8efa7a00f1b1f962a17ffdbe8e6b3eb",
        "is_verified": false,
        "line_number": 4
      }
    ],
    "backend\\tests\\fixtures\\opportunity_economic\\cryptorank.json": [
      {
        "type": "Secret Keyword",
        "filename": "backend\\tests\\fixtures\\opportunity_economic\\cryptorank.json",
        "hashed_secret": "91d50db011aa1d1e7881694dd94d3ea92eaa0323",
        "is_verified": false,
        "line_number": 4
      }
    ],
    "backend\\tests\\scripts\\test_calibrate_opportunity.py": [
      {
        "type": "Secret Keyword",
        "filename": "backend\\tests\\scripts\\test_calibrate_opportunity.py",
        "hashed_secret": "61886681dec8c48eac52dbe5fb09ccc19cb40c04",
        "is_verified": false,
        "line_number": 123
      }
    ],
    "backend\\tests\\test_ops_endpoints.py": [
      {
        "type": "Secret Keyword",
        "filename": "backend\\tests\\test_ops_endpoints.py",
        "hashed_secret": "4399640550389ad50a310593935ad312d799cedf",
        "is_verified": false,
        "line_number": 17
      }
    ],
    "docs\\superpowers\\plans\\2026-07-17-opportunity-outcome-calibration.md": [
      {
        "type": "Basic Auth Credentials",
        "filename": "docs\\superpowers\\plans\\2026-07-17-opportunity-outcome-calibration.md",
        "hashed_secret": "1e115e0fadd0e96edf89423be01625a010af45ea",
        "is_verified": false,
        "line_number": 656
      }
    ]
  },
  "generated_at": "2026-09-26T16:24:24Z"
}
